2026-07-16 12:27:10,888:WARNING:
'cuml' is a soft dependency and not included in the pycaret installation. Please run: `pip install cuml` to install.
2026-07-16 12:27:10,888:WARNING:
'cuml' is a soft dependency and not included in the pycaret installation. Please run: `pip install cuml` to install.
2026-07-16 12:27:10,889:WARNING:
'cuml' is a soft dependency and not included in the pycaret installation. Please run: `pip install cuml` to install.
2026-07-16 12:27:10,889:WARNING:
'cuml' is a soft dependency and not included in the pycaret installation. Please run: `pip install cuml` to install.
2026-07-16 12:27:24,231:INFO:PyCaret ClusteringExperiment
2026-07-16 12:27:24,231:INFO:Logging name: cluster-default-name
2026-07-16 12:27:24,232:INFO:ML Usecase: MLUsecase.CLUSTERING
2026-07-16 12:27:24,232:INFO:version 3.3.2
2026-07-16 12:27:24,232:INFO:Initializing setup()
2026-07-16 12:27:24,232:INFO:self.USI: 12d9
2026-07-16 12:27:24,233:INFO:self._variable_keys: {'USI', 'seed', 'memory', 'logging_param', 'idx', 'pipeline', 'gpu_param', 'gpu_n_jobs_param', '_ml_usecase', 'exp_id', 'exp_name_log', '_available_plots', 'X', 'data', 'log_plots_param', 'n_jobs_param', 'html_param'}
2026-07-16 12:27:24,233:INFO:Checking environment
2026-07-16 12:27:24,233:INFO:python_version: 3.11.6
2026-07-16 12:27:24,233:INFO:python_build: ('main', 'Oct  3 2023 10:40:35')
2026-07-16 12:27:24,234:INFO:machine: x86_64
2026-07-16 12:27:24,234:INFO:platform: Linux-6.12.90+deb13.1-amd64-x86_64-with-glibc2.35
2026-07-16 12:27:24,235:INFO:Memory: svmem(total=8146440192, available=2977198080, percent=63.5, used=5169242112, free=783724544, active=4030771200, inactive=2255323136, buffers=155766784, cached=2404003840, shared=16039936, slab=810168320)
2026-07-16 12:27:24,240:INFO:Physical Core: 4
2026-07-16 12:27:24,241:INFO:Logical Core: 4
2026-07-16 12:27:24,241:INFO:Checking libraries
2026-07-16 12:27:24,241:INFO:System:
2026-07-16 12:27:24,241:INFO:    python: 3.11.6 | packaged by conda-forge | (main, Oct  3 2023, 10:40:35) [GCC 12.3.0]
2026-07-16 12:27:24,241:INFO:executable: /home/jovyan/work/projekt_pycaret/.venv_pycaret/bin/python
2026-07-16 12:27:24,242:INFO:   machine: Linux-6.12.90+deb13.1-amd64-x86_64-with-glibc2.35
2026-07-16 12:27:24,242:INFO:PyCaret required dependencies:
2026-07-16 12:27:24,245:WARNING:/home/jovyan/work/projekt_pycaret/.venv_pycaret/lib/python3.11/site-packages/_distutils_hack/__init__.py:30: UserWarning: Setuptools is replacing distutils. Support for replacing an already imported distutils is deprecated. In the future, this condition will fail. Register concerns at https://github.com/pypa/setuptools/issues/new?template=distutils-deprecation.yml
  warnings.warn(

2026-07-16 12:27:25,855:INFO:                 pip: 26.1.2
2026-07-16 12:27:25,856:INFO:          setuptools: 83.0.0
2026-07-16 12:27:25,856:INFO:             pycaret: 3.3.2
2026-07-16 12:27:25,856:INFO:             IPython: 9.15.0
2026-07-16 12:27:25,856:INFO:          ipywidgets: 8.1.8
2026-07-16 12:27:25,856:INFO:                tqdm: 4.68.4
2026-07-16 12:27:25,856:INFO:               numpy: 1.26.4
2026-07-16 12:27:25,856:INFO:              pandas: 2.1.4
2026-07-16 12:27:25,856:INFO:              jinja2: 3.1.6
2026-07-16 12:27:25,856:INFO:               scipy: 1.11.4
2026-07-16 12:27:25,857:INFO:              joblib: 1.3.2
2026-07-16 12:27:25,857:INFO:             sklearn: 1.4.2
2026-07-16 12:27:25,857:INFO:                pyod: 3.4.0
2026-07-16 12:27:25,857:INFO:            imblearn: 0.14.2
2026-07-16 12:27:25,857:INFO:   category_encoders: 2.7.0
2026-07-16 12:27:25,857:INFO:            lightgbm: 4.6.0
2026-07-16 12:27:25,857:INFO:               numba: 0.62.1
2026-07-16 12:27:25,857:INFO:            requests: 2.34.2
2026-07-16 12:27:25,857:INFO:          matplotlib: 3.7.5
2026-07-16 12:27:25,858:INFO:          scikitplot: 0.3.7
2026-07-16 12:27:25,858:INFO:         yellowbrick: 1.5
2026-07-16 12:27:25,858:INFO:              plotly: 6.9.0
2026-07-16 12:27:25,858:INFO:    plotly-resampler: Not installed
2026-07-16 12:27:25,858:INFO:             kaleido: 1.3.0
2026-07-16 12:27:25,858:INFO:           schemdraw: 0.15
2026-07-16 12:27:25,858:INFO:         statsmodels: 0.14.6
2026-07-16 12:27:25,858:INFO:              sktime: 0.26.0
2026-07-16 12:27:25,858:INFO:               tbats: 1.1.3
2026-07-16 12:27:25,859:INFO:            pmdarima: 2.0.4
2026-07-16 12:27:25,859:INFO:              psutil: 7.2.2
2026-07-16 12:27:25,859:INFO:          markupsafe: 3.0.3
2026-07-16 12:27:25,859:INFO:             pickle5: Not installed
2026-07-16 12:27:25,859:INFO:         cloudpickle: 3.1.2
2026-07-16 12:27:25,859:INFO:         deprecation: 2.1.0
2026-07-16 12:27:25,859:INFO:              xxhash: 3.8.1
2026-07-16 12:27:25,859:INFO:           wurlitzer: 3.1.1
2026-07-16 12:27:25,859:INFO:PyCaret optional dependencies:
2026-07-16 12:27:33,600:INFO:                shap: 0.44.1
2026-07-16 12:27:33,600:INFO:           interpret: 0.6.9
2026-07-16 12:27:33,600:INFO:                umap: 0.5.7
2026-07-16 12:27:33,600:INFO:     ydata_profiling: 4.18.4
2026-07-16 12:27:33,600:INFO:  explainerdashboard: 0.5.8
2026-07-16 12:27:33,600:INFO:             autoviz: Not installed
2026-07-16 12:27:33,601:INFO:           fairlearn: 0.7.0
2026-07-16 12:27:33,601:INFO:          deepchecks: Not installed
2026-07-16 12:27:33,601:INFO:             xgboost: 3.2.0
2026-07-16 12:27:33,601:INFO:            catboost: 1.2.10
2026-07-16 12:27:33,601:INFO:              kmodes: 0.12.2
2026-07-16 12:27:33,601:INFO:             mlxtend: 0.23.4
2026-07-16 12:27:33,601:INFO:       statsforecast: 1.5.0
2026-07-16 12:27:33,601:INFO:        tune_sklearn: Not installed
2026-07-16 12:27:33,601:INFO:                 ray: Not installed
2026-07-16 12:27:33,602:INFO:            hyperopt: 0.2.7
2026-07-16 12:27:33,602:INFO:              optuna: 4.9.0
2026-07-16 12:27:33,602:INFO:               skopt: 0.10.2
2026-07-16 12:27:33,602:INFO:              mlflow: 3.14.0
2026-07-16 12:27:33,602:INFO:              gradio: 6.20.0
2026-07-16 12:27:33,602:INFO:             fastapi: 0.139.0
2026-07-16 12:27:33,602:INFO:             uvicorn: 0.51.0
2026-07-16 12:27:33,602:INFO:              m2cgen: 0.10.0
2026-07-16 12:27:33,602:INFO:           evidently: 0.4.40
2026-07-16 12:27:33,602:INFO:               fugue: 0.8.7
2026-07-16 12:27:33,603:INFO:           streamlit: Not installed
2026-07-16 12:27:33,603:INFO:             prophet: Not installed
2026-07-16 12:27:33,603:INFO:None
2026-07-16 12:27:33,603:INFO:Set up data.
2026-07-16 12:27:33,615:INFO:Set up index.
2026-07-16 12:27:33,615:INFO:Assigning column types.
2026-07-16 12:27:33,622:INFO:Engine successfully changes for model 'kmeans' to 'sklearn'.
2026-07-16 12:27:33,623:INFO:Engine for model 'dbscan' has not been set explicitly, hence returning None.
2026-07-16 12:27:33,623:INFO:Soft dependency imported: kmodes: 0.12.2
2026-07-16 12:27:33,630:INFO:Engine for model 'dbscan' has not been set explicitly, hence returning None.
2026-07-16 12:27:33,630:INFO:Soft dependency imported: kmodes: 0.12.2
2026-07-16 12:27:33,630:INFO:Engine successfully changes for model 'dbscan' to 'sklearn'.
2026-07-16 12:27:33,631:INFO:Soft dependency imported: kmodes: 0.12.2
2026-07-16 12:27:33,631:INFO:Soft dependency imported: kmodes: 0.12.2
2026-07-16 12:27:33,634:INFO:Preparing preprocessing pipeline...
2026-07-16 12:27:33,634:INFO:Set up simple imputation.
2026-07-16 12:27:33,640:INFO:Set up encoding of ordinal features.
2026-07-16 12:27:33,642:INFO:Set up encoding of categorical features.
2026-07-16 12:27:33,979:INFO:Finished creating preprocessing pipeline.
2026-07-16 12:27:34,041:INFO:Pipeline: Pipeline(memory=FastMemory(location=/tmp/joblib),
         steps=[('numerical_imputer',
                 TransformerWrapper(include=[], transformer=SimpleImputer())),
                ('categorical_imputer',
                 TransformerWrapper(include=['age', 'edu_level', 'fav_animals',
                                             'fav_place', 'gender'],
                                    transformer=SimpleImputer(strategy='most_frequent'))),
                ('ordinal_encoding',
                 TransformerWrapper(include=['gende...
                                    transformer=OrdinalEncoder(cols=['gender'],
                                                               handle_missing='return_nan',
                                                               mapping=[{'col': 'gender',
                                                                         'data_type': dtype('O'),
                                                                         'mapping': Kobieta      0
Mężczyzna    1
NaN         -1
dtype: int64}]))),
                ('onehot_encoding',
                 TransformerWrapper(include=['age', 'edu_level', 'fav_animals',
                                             'fav_place'],
                                    transformer=OneHotEncoder(cols=['age',
                                                                    'edu_level',
                                                                    'fav_animals',
                                                                    'fav_place'],
                                                              handle_missing='return_nan',
                                                              use_cat_names=True)))])
2026-07-16 12:27:34,041:INFO:Creating final display dataframe.
2026-07-16 12:27:34,344:INFO:Setup _display_container:                  Description                 Value
0                 Session id                   123
1        Original data shape              (229, 5)
2     Transformed data shape             (229, 21)
3       Categorical features                     5
4   Rows with missing values                 13.1%
5                 Preprocess                  True
6            Imputation type                simple
7         Numeric imputation                  mean
8     Categorical imputation                  mode
9   Maximum one-hot encoding                    -1
10           Encoding method                  None
11                  CPU Jobs                    -1
12                   Use GPU                 False
13            Log Experiment                 False
14           Experiment Name  cluster-default-name
15                       USI                  12d9
2026-07-16 12:27:34,363:INFO:Soft dependency imported: kmodes: 0.12.2
2026-07-16 12:27:34,363:INFO:Soft dependency imported: kmodes: 0.12.2
2026-07-16 12:27:34,364:INFO:setup() successfully completed in 10.14s...............
2026-07-16 12:28:01,338:INFO:Initializing create_model()
2026-07-16 12:28:01,338:INFO:create_model(self=<pycaret.clustering.oop.ClusteringExperiment object at 0x7f9580860d10>, estimator=kmeans, num_clusters=8, fraction=0.05, ground_truth=None, round=4, fit_kwargs=None, experiment_custom_tags=None, verbose=True, system=True, add_to_model_list=True, raise_num_clusters=False, display=None, kwargs={})
2026-07-16 12:28:01,338:INFO:Checking exceptions
2026-07-16 12:28:01,435:INFO:Importing untrained model
2026-07-16 12:28:01,444:INFO:K-Means Clustering Imported successfully
2026-07-16 12:28:01,459:INFO:Fitting Model
2026-07-16 12:28:01,720:INFO:KMeans(random_state=123)
2026-07-16 12:28:01,720:INFO:create_models() successfully completed......................................
2026-07-16 12:28:01,729:INFO:Uploading results into container
2026-07-16 12:28:01,733:INFO:Uploading model into container now
2026-07-16 12:28:01,748:INFO:_master_model_container: 1
2026-07-16 12:28:01,748:INFO:_display_container: 2
2026-07-16 12:28:01,749:INFO:KMeans(random_state=123)
2026-07-16 12:28:01,749:INFO:create_model() successfully completed......................................
2026-07-16 12:28:06,579:INFO:Initializing assign_model()
2026-07-16 12:28:06,580:INFO:assign_model(self=<pycaret.clustering.oop.ClusteringExperiment object at 0x7f9580860d10>, model=KMeans(random_state=123), transformation=False, score=True, verbose=True)
2026-07-16 12:28:06,581:INFO:Checking exceptions
2026-07-16 12:28:06,582:INFO:Determining Trained Model
2026-07-16 12:28:06,582:INFO:Trained Model : K-Means Clustering
2026-07-16 12:28:06,582:INFO:Copying data
2026-07-16 12:28:06,585:INFO:(229, 6)
2026-07-16 12:28:06,586:INFO:assign_model() successfully completed......................................
2026-07-16 12:28:23,182:INFO:Initializing plot_model()
2026-07-16 12:28:23,183:INFO:plot_model(self=<pycaret.clustering.oop.ClusteringExperiment object at 0x7f9580860d10>, estimator=KMeans(random_state=123), plot=cluster, scale=1, save=False, fold=None, fit_kwargs=None, plot_kwargs=None, groups=None, feature_name=None, label=False, verbose=True, system=True, display=None, display_format=None)
2026-07-16 12:28:23,183:INFO:Checking exceptions
2026-07-16 12:28:23,191:INFO:Preloading libraries
2026-07-16 12:28:23,192:INFO:Copying training dataset
2026-07-16 12:28:23,192:INFO:Plot type: cluster
2026-07-16 12:28:23,196:INFO:SubProcess assign_model() called ==================================
2026-07-16 12:28:23,197:INFO:Initializing assign_model()
2026-07-16 12:28:23,197:INFO:assign_model(self=<pycaret.clustering.oop.ClusteringExperiment object at 0x7f9580860d10>, model=KMeans(random_state=123), transformation=True, score=True, verbose=False)
2026-07-16 12:28:23,197:INFO:Checking exceptions
2026-07-16 12:28:23,197:INFO:Determining Trained Model
2026-07-16 12:28:23,198:INFO:Trained Model : K-Means Clustering
2026-07-16 12:28:23,198:INFO:Copying data
2026-07-16 12:28:23,248:INFO:Transformation parameter set to True. Assigned clusters are attached on transformed dataset.
2026-07-16 12:28:23,250:INFO:(229, 22)
2026-07-16 12:28:23,250:INFO:assign_model() successfully completed......................................
2026-07-16 12:28:23,250:INFO:SubProcess assign_model() end ==================================
2026-07-16 12:28:23,254:INFO:Fitting PCA()
2026-07-16 12:28:23,270:INFO:Sorting dataframe
2026-07-16 12:28:23,273:INFO:Rendering Visual
2026-07-16 12:28:23,876:INFO:Visual Rendered Successfully
2026-07-16 12:28:24,240:INFO:plot_model() successfully completed......................................
2026-07-16 12:28:40,588:INFO:Initializing save_model()
2026-07-16 12:28:40,588:INFO:save_model(model=KMeans(random_state=123), model_name=survey_clustering_pipeline_v2, prep_pipe_=Pipeline(memory=FastMemory(location=/tmp/joblib),
         steps=[('numerical_imputer',
                 TransformerWrapper(include=[], transformer=SimpleImputer())),
                ('categorical_imputer',
                 TransformerWrapper(include=['age', 'edu_level', 'fav_animals',
                                             'fav_place', 'gender'],
                                    transformer=SimpleImputer(strategy='most_frequent'))),
                ('ordinal_encoding',
                 TransformerWrapper(include=['gende...
                                    transformer=OrdinalEncoder(cols=['gender'],
                                                               handle_missing='return_nan',
                                                               mapping=[{'col': 'gender',
                                                                         'data_type': dtype('O'),
                                                                         'mapping': Kobieta      0
Mężczyzna    1
NaN         -1
dtype: int64}]))),
                ('onehot_encoding',
                 TransformerWrapper(include=['age', 'edu_level', 'fav_animals',
                                             'fav_place'],
                                    transformer=OneHotEncoder(cols=['age',
                                                                    'edu_level',
                                                                    'fav_animals',
                                                                    'fav_place'],
                                                              handle_missing='return_nan',
                                                              use_cat_names=True)))]), verbose=False, use_case=MLUsecase.CLUSTERING, kwargs={})
2026-07-16 12:28:40,588:INFO:Adding model into prep_pipe
2026-07-16 12:28:40,622:INFO:survey_clustering_pipeline_v2.pkl saved in current working directory
2026-07-16 12:28:40,702:INFO:Pipeline(memory=Memory(location=None),
         steps=[('numerical_imputer',
                 TransformerWrapper(include=[], transformer=SimpleImputer())),
                ('categorical_imputer',
                 TransformerWrapper(include=['age', 'edu_level', 'fav_animals',
                                             'fav_place', 'gender'],
                                    transformer=SimpleImputer(strategy='most_frequent'))),
                ('ordinal_encoding',
                 TransformerWrapper(include=['gender'],
                                    transfo...
                                                               mapping=[{'col': 'gender',
                                                                         'data_type': dtype('O'),
                                                                         'mapping': Kobieta      0
Mężczyzna    1
NaN         -1
dtype: int64}]))),
                ('onehot_encoding',
                 TransformerWrapper(include=['age', 'edu_level', 'fav_animals',
                                             'fav_place'],
                                    transformer=OneHotEncoder(cols=['age',
                                                                    'edu_level',
                                                                    'fav_animals',
                                                                    'fav_place'],
                                                              handle_missing='return_nan',
                                                              use_cat_names=True))),
                ('trained_model', KMeans(random_state=123))])
2026-07-16 12:28:40,702:INFO:save_model() successfully completed......................................
2026-07-16 12:29:13,539:INFO:Initializing load_model()
2026-07-16 12:29:13,541:INFO:load_model(model_name=survey_clustering_pipeline_v2, platform=None, authentication=None, verbose=True)
2026-07-16 12:29:23,965:INFO:Initializing predict_model()
2026-07-16 12:29:23,966:INFO:predict_model(self=<pycaret.clustering.oop.ClusteringExperiment object at 0x7f9580860d10>, estimator=Pipeline(memory=FastMemory(location=/tmp/joblib),
         steps=[('numerical_imputer',
                 TransformerWrapper(include=[], transformer=SimpleImputer())),
                ('categorical_imputer',
                 TransformerWrapper(include=['age', 'edu_level', 'fav_animals',
                                             'fav_place', 'gender'],
                                    transformer=SimpleImputer(strategy='most_frequent'))),
                ('ordinal_encoding',
                 TransformerWrapper(include=['gende...
                                                               mapping=[{'col': 'gender',
                                                                         'data_type': dtype('O'),
                                                                         'mapping': Kobieta      0
Mężczyzna    1
NaN         -1
dtype: int64}]))),
                ('onehot_encoding',
                 TransformerWrapper(include=['age', 'edu_level', 'fav_animals',
                                             'fav_place'],
                                    transformer=OneHotEncoder(cols=['age',
                                                                    'edu_level',
                                                                    'fav_animals',
                                                                    'fav_place'],
                                                              handle_missing='return_nan',
                                                              use_cat_names=True))),
                ('trained_model', KMeans(random_state=123))]), ml_usecase=None)
2026-07-16 12:29:23,966:INFO:Set up data.
2026-07-16 12:35:24,529:WARNING:
'cuml' is a soft dependency and not included in the pycaret installation. Please run: `pip install cuml` to install.
2026-07-16 12:35:24,530:WARNING:
'cuml' is a soft dependency and not included in the pycaret installation. Please run: `pip install cuml` to install.
2026-07-16 12:35:24,530:WARNING:
'cuml' is a soft dependency and not included in the pycaret installation. Please run: `pip install cuml` to install.
2026-07-16 12:35:24,530:WARNING:
'cuml' is a soft dependency and not included in the pycaret installation. Please run: `pip install cuml` to install.
2026-07-16 12:35:26,038:INFO:Initializing load_model()
2026-07-16 12:35:26,041:INFO:load_model(model_name=survey_clustering_pipeline_v2, platform=None, authentication=None, verbose=True)
2026-07-16 12:35:26,061:WARNING:/opt/conda/lib/python3.11/site-packages/_distutils_hack/__init__.py:30: UserWarning: Setuptools is replacing distutils. Support for replacing an already imported distutils is deprecated. In the future, this condition will fail. Register concerns at https://github.com/pypa/setuptools/issues/new?template=distutils-deprecation.yml
  warnings.warn(

2026-07-16 12:35:27,544:WARNING:/opt/conda/lib/python3.11/site-packages/pycaret/internal/pipeline.py:148: UserWarning: Version mismatch:
current: {'deps_info': {'pip': '26.1.2', 'setuptools': '83.0.0', 'pycaret': '3.3.2', 'IPython': '8.16.1', 'ipywidgets': '8.1.1', 'tqdm': '4.68.4', 'numpy': '1.26.4', 'pandas': '2.1.1', 'jinja2': '3.1.6', 'scipy': '1.11.4', 'joblib': '1.3.2', 'sklearn': '1.4.2', 'pyod': '3.4.0', 'imblearn': '0.14.2', 'category_encoders': '2.7.0', 'lightgbm': '4.6.0', 'numba': '0.62.1', 'requests': '2.34.2', 'matplotlib': '3.7.5', 'scikitplot': '0.3.7', 'yellowbrick': '1.5', 'plotly': '6.9.0', 'plotly-resampler': 'Not installed', 'kaleido': '1.3.0', 'schemdraw': '0.15', 'statsmodels': '0.14.0', 'sktime': '0.26.0', 'tbats': '1.1.3', 'pmdarima': '2.0.4', 'psutil': '5.9.5', 'markupsafe': '2.1.3', 'pickle5': 'Not installed', 'cloudpickle': '3.0.0', 'deprecation': '2.1.0', 'xxhash': '3.8.1', 'wurlitzer': '3.1.1'}, 'python': {'version': '3.11.6', 'machine': 'x86_64'}}
pickle: {'deps_info': {'pip': '26.1.2', 'setuptools': '83.0.0', 'pycaret': '3.3.2', 'IPython': '9.15.0', 'ipywidgets': '8.1.8', 'tqdm': '4.68.4', 'numpy': '1.26.4', 'pandas': '2.1.4', 'jinja2': '3.1.6', 'scipy': '1.11.4', 'joblib': '1.3.2', 'sklearn': '1.4.2', 'pyod': '3.4.0', 'imblearn': '0.14.2', 'category_encoders': '2.7.0', 'lightgbm': '4.6.0', 'numba': '0.62.1', 'requests': '2.34.2', 'matplotlib': '3.7.5', 'scikitplot': '0.3.7', 'yellowbrick': '1.5', 'plotly': '6.9.0', 'plotly-resampler': 'Not installed', 'kaleido': '1.3.0', 'schemdraw': '0.15', 'statsmodels': '0.14.6', 'sktime': '0.26.0', 'tbats': '1.1.3', 'pmdarima': '2.0.4', 'psutil': '7.2.2', 'markupsafe': '3.0.3', 'pickle5': 'Not installed', 'cloudpickle': '3.1.2', 'deprecation': '2.1.0', 'xxhash': '3.8.1', 'wurlitzer': '3.1.1'}, 'python': {'version': '3.11.6', 'machine': 'x86_64'}}
  warnings.warn(

2026-07-16 12:35:27,622:INFO:Initializing predict_model()
2026-07-16 12:35:27,622:INFO:predict_model(self=<pycaret.clustering.oop.ClusteringExperiment object at 0x7f8d650f7a50>, estimator=Pipeline(memory=Memory(location=None),
         steps=[('numerical_imputer',
                 TransformerWrapper(include=[], transformer=SimpleImputer())),
                ('categorical_imputer',
                 TransformerWrapper(include=['age', 'edu_level', 'fav_animals',
                                             'fav_place', 'gender'],
                                    transformer=SimpleImputer(strategy='most_frequent'))),
                ('ordinal_encoding',
                 TransformerWrapper(include=['gender'],
                                    transfo...
                                                               mapping=[{'col': 'gender',
                                                                         'data_type': dtype('O'),
                                                                         'mapping': Kobieta      0
Mężczyzna    1
NaN         -1
dtype: int64}]))),
                ('onehot_encoding',
                 TransformerWrapper(include=['age', 'edu_level', 'fav_animals',
                                             'fav_place'],
                                    transformer=OneHotEncoder(cols=['age',
                                                                    'edu_level',
                                                                    'fav_animals',
                                                                    'fav_place'],
                                                              handle_missing='return_nan',
                                                              use_cat_names=True))),
                ('trained_model', KMeans(random_state=123))]), ml_usecase=None)
2026-07-16 12:35:27,622:INFO:Set up data.
2026-07-16 12:43:08,548:WARNING:
'cuml' is a soft dependency and not included in the pycaret installation. Please run: `pip install cuml` to install.
2026-07-16 12:43:08,548:WARNING:
'cuml' is a soft dependency and not included in the pycaret installation. Please run: `pip install cuml` to install.
2026-07-16 12:43:08,548:WARNING:
'cuml' is a soft dependency and not included in the pycaret installation. Please run: `pip install cuml` to install.
2026-07-16 12:43:08,548:WARNING:
'cuml' is a soft dependency and not included in the pycaret installation. Please run: `pip install cuml` to install.
2026-07-16 12:43:23,721:INFO:Initializing load_model()
2026-07-16 12:43:23,727:INFO:load_model(model_name=survey_clustering_pipeline_v2, platform=None, authentication=None, verbose=True)
2026-07-16 12:43:23,747:WARNING:/home/jovyan/work/projekt_pycaret/.venv_pycaret/lib/python3.11/site-packages/_distutils_hack/__init__.py:30: UserWarning: Setuptools is replacing distutils. Support for replacing an already imported distutils is deprecated. In the future, this condition will fail. Register concerns at https://github.com/pypa/setuptools/issues/new?template=distutils-deprecation.yml
  warnings.warn(

2026-07-16 12:43:29,674:INFO:Initializing predict_model()
2026-07-16 12:43:29,675:INFO:predict_model(self=<pycaret.clustering.oop.ClusteringExperiment object at 0x7fd6ca69ac10>, estimator=Pipeline(memory=Memory(location=None),
         steps=[('numerical_imputer',
                 TransformerWrapper(include=[], transformer=SimpleImputer())),
                ('categorical_imputer',
                 TransformerWrapper(include=['age', 'edu_level', 'fav_animals',
                                             'fav_place', 'gender'],
                                    transformer=SimpleImputer(strategy='most_frequent'))),
                ('ordinal_encoding',
                 TransformerWrapper(include=['gender'],
                                    transfo...
                                                               mapping=[{'col': 'gender',
                                                                         'data_type': dtype('O'),
                                                                         'mapping': Kobieta      0
Mężczyzna    1
NaN         -1
dtype: int64}]))),
                ('onehot_encoding',
                 TransformerWrapper(include=['age', 'edu_level', 'fav_animals',
                                             'fav_place'],
                                    transformer=OneHotEncoder(cols=['age',
                                                                    'edu_level',
                                                                    'fav_animals',
                                                                    'fav_place'],
                                                              handle_missing='return_nan',
                                                              use_cat_names=True))),
                ('trained_model', KMeans(random_state=123))]), ml_usecase=None)
2026-07-16 12:43:29,675:INFO:Set up data.
2026-07-16 12:46:56,782:WARNING:
'cuml' is a soft dependency and not included in the pycaret installation. Please run: `pip install cuml` to install.
2026-07-16 12:46:56,782:WARNING:
'cuml' is a soft dependency and not included in the pycaret installation. Please run: `pip install cuml` to install.
2026-07-16 12:46:56,782:WARNING:
'cuml' is a soft dependency and not included in the pycaret installation. Please run: `pip install cuml` to install.
2026-07-16 12:46:56,782:WARNING:
'cuml' is a soft dependency and not included in the pycaret installation. Please run: `pip install cuml` to install.
2026-07-16 12:46:58,489:INFO:Initializing load_model()
2026-07-16 12:46:58,491:INFO:load_model(model_name=survey_clustering_pipeline_v2, platform=None, authentication=None, verbose=True)
2026-07-16 12:46:58,522:WARNING:/opt/conda/lib/python3.11/site-packages/_distutils_hack/__init__.py:30: UserWarning: Setuptools is replacing distutils. Support for replacing an already imported distutils is deprecated. In the future, this condition will fail. Register concerns at https://github.com/pypa/setuptools/issues/new?template=distutils-deprecation.yml
  warnings.warn(

2026-07-16 12:47:00,308:WARNING:/opt/conda/lib/python3.11/site-packages/pycaret/internal/pipeline.py:148: UserWarning: Version mismatch:
current: {'deps_info': {'pip': '26.1.2', 'setuptools': '83.0.0', 'pycaret': '3.3.2', 'IPython': '8.16.1', 'ipywidgets': '8.1.1', 'tqdm': '4.68.4', 'numpy': '1.26.4', 'pandas': '2.1.1', 'jinja2': '3.1.6', 'scipy': '1.11.4', 'joblib': '1.3.2', 'sklearn': '1.4.2', 'pyod': '3.4.0', 'imblearn': '0.14.2', 'category_encoders': '2.7.0', 'lightgbm': '4.6.0', 'numba': '0.62.1', 'requests': '2.34.2', 'matplotlib': '3.7.5', 'scikitplot': '0.3.7', 'yellowbrick': '1.5', 'plotly': '6.9.0', 'plotly-resampler': 'Not installed', 'kaleido': '1.3.0', 'schemdraw': '0.15', 'statsmodels': '0.14.0', 'sktime': '0.26.0', 'tbats': '1.1.3', 'pmdarima': '2.0.4', 'psutil': '5.9.5', 'markupsafe': '2.1.3', 'pickle5': 'Not installed', 'cloudpickle': '3.0.0', 'deprecation': '2.1.0', 'xxhash': '3.8.1', 'wurlitzer': '3.1.1'}, 'python': {'version': '3.11.6', 'machine': 'x86_64'}}
pickle: {'deps_info': {'pip': '26.1.2', 'setuptools': '83.0.0', 'pycaret': '3.3.2', 'IPython': '9.15.0', 'ipywidgets': '8.1.8', 'tqdm': '4.68.4', 'numpy': '1.26.4', 'pandas': '2.1.4', 'jinja2': '3.1.6', 'scipy': '1.11.4', 'joblib': '1.3.2', 'sklearn': '1.4.2', 'pyod': '3.4.0', 'imblearn': '0.14.2', 'category_encoders': '2.7.0', 'lightgbm': '4.6.0', 'numba': '0.62.1', 'requests': '2.34.2', 'matplotlib': '3.7.5', 'scikitplot': '0.3.7', 'yellowbrick': '1.5', 'plotly': '6.9.0', 'plotly-resampler': 'Not installed', 'kaleido': '1.3.0', 'schemdraw': '0.15', 'statsmodels': '0.14.6', 'sktime': '0.26.0', 'tbats': '1.1.3', 'pmdarima': '2.0.4', 'psutil': '7.2.2', 'markupsafe': '3.0.3', 'pickle5': 'Not installed', 'cloudpickle': '3.1.2', 'deprecation': '2.1.0', 'xxhash': '3.8.1', 'wurlitzer': '3.1.1'}, 'python': {'version': '3.11.6', 'machine': 'x86_64'}}
  warnings.warn(

2026-07-16 12:47:00,406:INFO:Initializing predict_model()
2026-07-16 12:47:00,406:INFO:predict_model(self=<pycaret.clustering.oop.ClusteringExperiment object at 0x7f038653e2d0>, estimator=Pipeline(memory=Memory(location=None),
         steps=[('numerical_imputer',
                 TransformerWrapper(include=[], transformer=SimpleImputer())),
                ('categorical_imputer',
                 TransformerWrapper(include=['age', 'edu_level', 'fav_animals',
                                             'fav_place', 'gender'],
                                    transformer=SimpleImputer(strategy='most_frequent'))),
                ('ordinal_encoding',
                 TransformerWrapper(include=['gender'],
                                    transfo...
                                                               mapping=[{'col': 'gender',
                                                                         'data_type': dtype('O'),
                                                                         'mapping': Kobieta      0
Mężczyzna    1
NaN         -1
dtype: int64}]))),
                ('onehot_encoding',
                 TransformerWrapper(include=['age', 'edu_level', 'fav_animals',
                                             'fav_place'],
                                    transformer=OneHotEncoder(cols=['age',
                                                                    'edu_level',
                                                                    'fav_animals',
                                                                    'fav_place'],
                                                              handle_missing='return_nan',
                                                              use_cat_names=True))),
                ('trained_model', KMeans(random_state=123))]), ml_usecase=None)
2026-07-16 12:47:00,410:INFO:Set up data.
2026-07-16 12:47:56,736:INFO:Initializing predict_model()
2026-07-16 12:47:56,737:INFO:predict_model(self=<pycaret.clustering.oop.ClusteringExperiment object at 0x7f0386532d90>, estimator=Pipeline(memory=Memory(location=None),
         steps=[('numerical_imputer',
                 TransformerWrapper(include=[], transformer=SimpleImputer())),
                ('categorical_imputer',
                 TransformerWrapper(include=['age', 'edu_level', 'fav_animals',
                                             'fav_place', 'gender'],
                                    transformer=SimpleImputer(strategy='most_frequent'))),
                ('ordinal_encoding',
                 TransformerWrapper(include=['gender'],
                                    transfo...
                                                               mapping=[{'col': 'gender',
                                                                         'data_type': dtype('O'),
                                                                         'mapping': Kobieta      0
Mężczyzna    1
NaN         -1
dtype: int64}]))),
                ('onehot_encoding',
                 TransformerWrapper(include=['age', 'edu_level', 'fav_animals',
                                             'fav_place'],
                                    transformer=OneHotEncoder(cols=['age',
                                                                    'edu_level',
                                                                    'fav_animals',
                                                                    'fav_place'],
                                                              handle_missing='return_nan',
                                                              use_cat_names=True))),
                ('trained_model', KMeans(random_state=123))]), ml_usecase=None)
2026-07-16 12:47:56,737:INFO:Set up data.
2026-07-16 12:48:08,225:INFO:Initializing predict_model()
2026-07-16 12:48:08,225:INFO:predict_model(self=<pycaret.clustering.oop.ClusteringExperiment object at 0x7f03864fae50>, estimator=Pipeline(memory=Memory(location=None),
         steps=[('numerical_imputer',
                 TransformerWrapper(include=[], transformer=SimpleImputer())),
                ('categorical_imputer',
                 TransformerWrapper(include=['age', 'edu_level', 'fav_animals',
                                             'fav_place', 'gender'],
                                    transformer=SimpleImputer(strategy='most_frequent'))),
                ('ordinal_encoding',
                 TransformerWrapper(include=['gender'],
                                    transfo...
                                                               mapping=[{'col': 'gender',
                                                                         'data_type': dtype('O'),
                                                                         'mapping': Kobieta      0
Mężczyzna    1
NaN         -1
dtype: int64}]))),
                ('onehot_encoding',
                 TransformerWrapper(include=['age', 'edu_level', 'fav_animals',
                                             'fav_place'],
                                    transformer=OneHotEncoder(cols=['age',
                                                                    'edu_level',
                                                                    'fav_animals',
                                                                    'fav_place'],
                                                              handle_missing='return_nan',
                                                              use_cat_names=True))),
                ('trained_model', KMeans(random_state=123))]), ml_usecase=None)
2026-07-16 12:48:08,226:INFO:Set up data.
2026-07-16 12:48:10,981:INFO:Initializing predict_model()
2026-07-16 12:48:10,981:INFO:predict_model(self=<pycaret.clustering.oop.ClusteringExperiment object at 0x7f0387ecabd0>, estimator=Pipeline(memory=Memory(location=None),
         steps=[('numerical_imputer',
                 TransformerWrapper(include=[], transformer=SimpleImputer())),
                ('categorical_imputer',
                 TransformerWrapper(include=['age', 'edu_level', 'fav_animals',
                                             'fav_place', 'gender'],
                                    transformer=SimpleImputer(strategy='most_frequent'))),
                ('ordinal_encoding',
                 TransformerWrapper(include=['gender'],
                                    transfo...
                                                               mapping=[{'col': 'gender',
                                                                         'data_type': dtype('O'),
                                                                         'mapping': Kobieta      0
Mężczyzna    1
NaN         -1
dtype: int64}]))),
                ('onehot_encoding',
                 TransformerWrapper(include=['age', 'edu_level', 'fav_animals',
                                             'fav_place'],
                                    transformer=OneHotEncoder(cols=['age',
                                                                    'edu_level',
                                                                    'fav_animals',
                                                                    'fav_place'],
                                                              handle_missing='return_nan',
                                                              use_cat_names=True))),
                ('trained_model', KMeans(random_state=123))]), ml_usecase=None)
2026-07-16 12:48:10,981:INFO:Set up data.
2026-07-16 12:48:14,968:INFO:Initializing predict_model()
2026-07-16 12:48:14,968:INFO:predict_model(self=<pycaret.clustering.oop.ClusteringExperiment object at 0x7f038651f590>, estimator=Pipeline(memory=Memory(location=None),
         steps=[('numerical_imputer',
                 TransformerWrapper(include=[], transformer=SimpleImputer())),
                ('categorical_imputer',
                 TransformerWrapper(include=['age', 'edu_level', 'fav_animals',
                                             'fav_place', 'gender'],
                                    transformer=SimpleImputer(strategy='most_frequent'))),
                ('ordinal_encoding',
                 TransformerWrapper(include=['gender'],
                                    transfo...
                                                               mapping=[{'col': 'gender',
                                                                         'data_type': dtype('O'),
                                                                         'mapping': Kobieta      0
Mężczyzna    1
NaN         -1
dtype: int64}]))),
                ('onehot_encoding',
                 TransformerWrapper(include=['age', 'edu_level', 'fav_animals',
                                             'fav_place'],
                                    transformer=OneHotEncoder(cols=['age',
                                                                    'edu_level',
                                                                    'fav_animals',
                                                                    'fav_place'],
                                                              handle_missing='return_nan',
                                                              use_cat_names=True))),
                ('trained_model', KMeans(random_state=123))]), ml_usecase=None)
2026-07-16 12:48:14,968:INFO:Set up data.
2026-07-16 12:48:18,708:INFO:Initializing predict_model()
2026-07-16 12:48:18,708:INFO:predict_model(self=<pycaret.clustering.oop.ClusteringExperiment object at 0x7f038651b910>, estimator=Pipeline(memory=Memory(location=None),
         steps=[('numerical_imputer',
                 TransformerWrapper(include=[], transformer=SimpleImputer())),
                ('categorical_imputer',
                 TransformerWrapper(include=['age', 'edu_level', 'fav_animals',
                                             'fav_place', 'gender'],
                                    transformer=SimpleImputer(strategy='most_frequent'))),
                ('ordinal_encoding',
                 TransformerWrapper(include=['gender'],
                                    transfo...
                                                               mapping=[{'col': 'gender',
                                                                         'data_type': dtype('O'),
                                                                         'mapping': Kobieta      0
Mężczyzna    1
NaN         -1
dtype: int64}]))),
                ('onehot_encoding',
                 TransformerWrapper(include=['age', 'edu_level', 'fav_animals',
                                             'fav_place'],
                                    transformer=OneHotEncoder(cols=['age',
                                                                    'edu_level',
                                                                    'fav_animals',
                                                                    'fav_place'],
                                                              handle_missing='return_nan',
                                                              use_cat_names=True))),
                ('trained_model', KMeans(random_state=123))]), ml_usecase=None)
2026-07-16 12:48:18,709:INFO:Set up data.
2026-07-16 12:48:28,486:INFO:Initializing predict_model()
2026-07-16 12:48:28,486:INFO:predict_model(self=<pycaret.clustering.oop.ClusteringExperiment object at 0x7f0387f7fb10>, estimator=Pipeline(memory=Memory(location=None),
         steps=[('numerical_imputer',
                 TransformerWrapper(include=[], transformer=SimpleImputer())),
                ('categorical_imputer',
                 TransformerWrapper(include=['age', 'edu_level', 'fav_animals',
                                             'fav_place', 'gender'],
                                    transformer=SimpleImputer(strategy='most_frequent'))),
                ('ordinal_encoding',
                 TransformerWrapper(include=['gender'],
                                    transfo...
                                                               mapping=[{'col': 'gender',
                                                                         'data_type': dtype('O'),
                                                                         'mapping': Kobieta      0
Mężczyzna    1
NaN         -1
dtype: int64}]))),
                ('onehot_encoding',
                 TransformerWrapper(include=['age', 'edu_level', 'fav_animals',
                                             'fav_place'],
                                    transformer=OneHotEncoder(cols=['age',
                                                                    'edu_level',
                                                                    'fav_animals',
                                                                    'fav_place'],
                                                              handle_missing='return_nan',
                                                              use_cat_names=True))),
                ('trained_model', KMeans(random_state=123))]), ml_usecase=None)
2026-07-16 12:48:28,487:INFO:Set up data.
2026-07-16 12:48:34,970:INFO:Initializing predict_model()
2026-07-16 12:48:34,970:INFO:predict_model(self=<pycaret.clustering.oop.ClusteringExperiment object at 0x7f0386512890>, estimator=Pipeline(memory=Memory(location=None),
         steps=[('numerical_imputer',
                 TransformerWrapper(include=[], transformer=SimpleImputer())),
                ('categorical_imputer',
                 TransformerWrapper(include=['age', 'edu_level', 'fav_animals',
                                             'fav_place', 'gender'],
                                    transformer=SimpleImputer(strategy='most_frequent'))),
                ('ordinal_encoding',
                 TransformerWrapper(include=['gender'],
                                    transfo...
                                                               mapping=[{'col': 'gender',
                                                                         'data_type': dtype('O'),
                                                                         'mapping': Kobieta      0
Mężczyzna    1
NaN         -1
dtype: int64}]))),
                ('onehot_encoding',
                 TransformerWrapper(include=['age', 'edu_level', 'fav_animals',
                                             'fav_place'],
                                    transformer=OneHotEncoder(cols=['age',
                                                                    'edu_level',
                                                                    'fav_animals',
                                                                    'fav_place'],
                                                              handle_missing='return_nan',
                                                              use_cat_names=True))),
                ('trained_model', KMeans(random_state=123))]), ml_usecase=None)
2026-07-16 12:48:34,971:INFO:Set up data.
